[cb.wunderkis.de/wk-pub/www.iowahills.com/Index.html]
[backblue.gif]
[fade.gif]
[index.html]
[cb.wunderkis.de/wk-pub/www.iowahills.com/5FIRFiltersPage.html]
[cb.wunderkis.de/wk-pub/www.iowahills.com/4IIRFilterPage.html]
[cb.wunderkis.de/wk-pub/www.iowahills.com/9RFFiltersPage.html]
[cb.wunderkis.de/wk-pub/www.iowahills.com/6OpAmpFilterPage.html]
[cb.wunderkis.de/wk-pub/www.iowahills.com/A5HilbertPhasePage.html]
[cb.wunderkis.de/wk-pub/www.iowahills.com/FilterPolynomials.html]
[cb.wunderkis.de/wk-pub/www.iowahills.com/8DownloadPage.html]
[cb.wunderkis.de/wk-pub/www.iowahills.com/A4IIRBilinearTransform.html]
[cb.wunderkis.de/wk-pub/www.iowahills.com/FIRFiltersByFreqSampling.html]
[cb.wunderkis.de/wk-pub/www.iowahills.com/IIRChebyshevFilters.html]
[cb.wunderkis.de/wk-pub/www.iowahills.com/IIRInverseChebyshevFilters.html]
[cb.wunderkis.de/wk-pub/www.iowahills.com/IIREllipticFilters.html]
[cb.wunderkis.de/wk-pub/www.iowahills.com/B2PolynomialFIRFilters.html]
[cb.wunderkis.de/wk-pub/www.iowahills.com/A8FirIirDifferences.html]
[cb.wunderkis.de/wk-pub/www.iowahills.com/7AdjustablePolyPage.html]
[cb.wunderkis.de/wk-pub/www.iowahills.com/A6OpAmpFilterHelpFile.html]
[cb.wunderkis.de/wk-pub/www.iowahills.com/A7ExampleCodePage.html]
[cb.wunderkis.de/wk-pub/www.iowahills.com/9SmithChartPage.html]
[cb.wunderkis.de/wk-pub/www.iowahills.com/P51RootFinder.html]
[cb.wunderkis.de/wk-pub/www.iowahills.com/A9DiscreteInverseLaPlace.html]
[cb.wunderkis.de/wk-pub/www.iowahills.com/B1GroupDelay.html]
[cb.wunderkis.de/wk-pub/www.iowahills.com/feedbackcomments.html]
[cb.wunderkis.de/wk-pub/www.iowahills.com/Index.html]
[cb.wunderkis.de/wk-pub/www.iowahills.com/FIR Filters/SincDerivation.png]
[cb.wunderkis.de/wk-pub/www.iowahills.com/FIR Filters/WindowedSincResponse.png]
[cb.wunderkis.de/wk-pub/www.iowahills.com/FIR Filters/50TapInverseChebyLPF.txt]
[cb.wunderkis.de/wk-pub/www.iowahills.com/FIR Filters/FreqSamplingDerivation.png]
[cb.wunderkis.de/wk-pub/www.iowahills.com/FIR Filters/Raised Cosine Window.png]
[cb.wunderkis.de/wk-pub/www.iowahills.com/FIR Filters/RaisedCosineExample.png]
[cb.wunderkis.de/wk-pub/www.iowahills.com/FIR Filters/24 Tap LPF Sinc Kaiser Comparison.png]
[cb.wunderkis.de/wk-pub/www.iowahills.com/FIR Filters/71 Tap BPF Sinc Kaiser Comparison.png]
[cb.wunderkis.de/wk-pub/www.iowahills.com/FIR Filters/FIR Screen Shot.png]
[cb.wunderkis.de/wk-pub/www.iowahills.com/FIR Filters/52 Tap Raised Cos LPF.txt]
[cb.wunderkis.de/wk-pub/www.iowahills.com/FIR Filters/FIR Test Bench Screen Shot.png]
[cb.wunderkis.de/wk-pub/www.iowahills.com/FIR Filters/SoundForm Screen Shot.png]
[cb.wunderkis.de/wk-pub/www.iowahills.com/5FIRFiltersPage.html]
[cb.wunderkis.de/wk-pub/www.iowahills.com/IIR Filters/BilinearEquations.png]
[cb.wunderkis.de/wk-pub/www.iowahills.com/IIR Filters/StructuresScreenShot.png]
[cb.wunderkis.de/wk-pub/www.iowahills.com/IIR Filters/FlowCharts.png]
[cb.wunderkis.de/wk-pub/www.iowahills.com/IIR Filters/Zero Input Limit Cycles Vs Register Size2.png]
[cb.wunderkis.de/wk-pub/www.iowahills.com/IIR Filters/10 Pole Inv Cheby LPF Response.png]
[cb.wunderkis.de/wk-pub/www.iowahills.com/IIR Filters/10PoleInvChebyLPFCoefficients.txt]
[cb.wunderkis.de/wk-pub/www.iowahills.com/IIR Filters/10 Pole Inv Cheby LPF Pole Zeros.png]
[cb.wunderkis.de/wk-pub/www.iowahills.com/IIR Filters/IIR Screen Shot.png]
[cb.wunderkis.de/wk-pub/www.iowahills.com/IIR Filters/10 Pole Inv Cheby LPF.txt]
[cb.wunderkis.de/wk-pub/www.iowahills.com/IIR Filters/IIR Test Bench Screen Shot.png]
[cb.wunderkis.de/wk-pub/www.iowahills.com/IIR Filters/SoundForm Screen Shot.png]
[cb.wunderkis.de/wk-pub/www.iowahills.com/4IIRFilterPage.html]
[cb.wunderkis.de/wk-pub/www.iowahills.com/RF Filters/3 Band Pass Filter Forms.png]
[cb.wunderkis.de/wk-pub/www.iowahills.com/RF Filters/63RFFilterToplogies.html]
[cb.wunderkis.de/wk-pub/www.iowahills.com/RF Filters/Norton Transform.png]
[cb.wunderkis.de/wk-pub/www.iowahills.com/RF Filters/The Design of Direct Coupled Band Pass Filters.pdf]
[cb.wunderkis.de/wk-pub/www.iowahills.com/RF Filters/RF Filter Screen Shot.png]
[cb.wunderkis.de/wk-pub/www.iowahills.com/9RFFiltersPage.html]
[cb.wunderkis.de/wk-pub/www.iowahills.com/OpAmp Filters/OpAmp Filter Screen Shot.png]
[cb.wunderkis.de/wk-pub/www.iowahills.com/6OpAmpFilterPage.html]
[cb.wunderkis.de/wk-pub/www.iowahills.com/Hilbert Phase/Ideal Hilbert Time Domain Plot.png]
[cb.wunderkis.de/wk-pub/www.iowahills.com/A5HilbertPhaseDescription.html]
[cb.wunderkis.de/wk-pub/www.iowahills.com/Hilbert Phase/Hilbert Filter Phase Plots.png]
[cb.wunderkis.de/wk-pub/www.iowahills.com/Hilbert Phase/Hilbert Phase Diagram.png]
[cb.wunderkis.de/wk-pub/www.iowahills.com/Hilbert Phase/Single 90 SSB Diagram.png]
[cb.wunderkis.de/wk-pub/www.iowahills.com/Hilbert Phase/SSB Spectrum Plot.png]
[cb.wunderkis.de/wk-pub/www.iowahills.com/Hilbert Phase/Phase Add Plots.png]
[cb.wunderkis.de/wk-pub/www.iowahills.com/Hilbert Phase/Dual 45 SSB Diagram.png]
[cb.wunderkis.de/wk-pub/www.iowahills.com/Hilbert Phase/Dual 45 Filter Response.png]
[cb.wunderkis.de/wk-pub/www.iowahills.com/Hilbert Phase/Dual 45 SSB Performance.png]
[cb.wunderkis.de/wk-pub/www.iowahills.com/Hilbert Phase/Differentiator Plot.png]
[cb.wunderkis.de/wk-pub/www.iowahills.com/Hilbert Phase/100 Tap Mixed BPF Response.png]
[cb.wunderkis.de/wk-pub/www.iowahills.com/Hilbert Phase/Hilbert Screen Shot.png]
[cb.wunderkis.de/wk-pub/www.iowahills.com/A5HilbertPhasePage.html]
[cb.wunderkis.de/wk-pub/www.iowahills.com/Polynomials/FreqResponseScreenShot.png]
[cb.wunderkis.de/wk-pub/www.iowahills.com/Polynomials/RootPlotScreenShot.png]
[cb.wunderkis.de/wk-pub/www.iowahills.com/Polynomials/RootTableScreenShot.png]
[cb.wunderkis.de/wk-pub/www.iowahills.com/Polynomials/RootFinderScreenShot.png]
[cb.wunderkis.de/wk-pub/www.iowahills.com/FilterPolynomials.html]
[cb.wunderkis.de/wk-pub/www.iowahills.com/Downloads/Iowa Hills IIR Filters.zip]
[cb.wunderkis.de/wk-pub/www.iowahills.com/Downloads/Iowa Hills FIR Filters.zip]
[cb.wunderkis.de/wk-pub/www.iowahills.com/Downloads/Iowa Hills Hilbert Filters.zip]
[cb.wunderkis.de/wk-pub/www.iowahills.com/Downloads/Iowa Hills Opamp Filters.zip]
[cb.wunderkis.de/wk-pub/www.iowahills.com/Downloads/Iowa Hills RF Filters.zip]
[cb.wunderkis.de/wk-pub/www.iowahills.com/Downloads/Iowa Hills Smith Chart.zip]
[cb.wunderkis.de/wk-pub/www.iowahills.com/Downloads/Iowa Hills Filter Polynomials.zip]
[cb.wunderkis.de/wk-pub/www.iowahills.com/Downloads/Iowa Hills Source Code Kit.zip]
[cb.wunderkis.de/wk-pub/www.iowahills.com/Downloads/Iowa Hills P51 Root Finder.zip]
[cb.wunderkis.de/wk-pub/www.iowahills.com/8DownloadPage.html]
[cb.wunderkis.de/wk-pub/www.iowahills.com/IIR Algorithm/BilinearCode.txt]
[cb.wunderkis.de/wk-pub/www.iowahills.com/IIR Algorithm/Figure1.png]
[cb.wunderkis.de/wk-pub/www.iowahills.com/IIR Algorithm/Figure2.png]
[cb.wunderkis.de/wk-pub/www.iowahills.com/IIR Algorithm/Figure3.png]
[cb.wunderkis.de/wk-pub/www.iowahills.com/IIR Algorithm/ButterworthZetas.png]
[cb.wunderkis.de/wk-pub/www.iowahills.com/IIR Algorithm/InvChebyPoleZeroPlot.png]
[cb.wunderkis.de/wk-pub/www.iowahills.com/IIR Algorithm/Figure4.png]
[cb.wunderkis.de/wk-pub/www.iowahills.com/IIR Algorithm/Figure5.png]
[cb.wunderkis.de/wk-pub/www.iowahills.com/IIR Algorithm/Figure6.png]
[cb.wunderkis.de/wk-pub/www.iowahills.com/IIR Algorithm/Figure7.png]
[cb.wunderkis.de/wk-pub/www.iowahills.com/IIR Algorithm/Figure8.png]
[cb.wunderkis.de/wk-pub/www.iowahills.com/IIR Algorithm/Figure10.png]
[cb.wunderkis.de/wk-pub/www.iowahills.com/IIR Algorithm/LowPassExample.png]
[cb.wunderkis.de/wk-pub/www.iowahills.com/IIR Algorithm/LowPassExamplePlot.png]
[cb.wunderkis.de/wk-pub/www.iowahills.com/A4IIRBilinearTransform.html]
[cb.wunderkis.de/wk-pub/www.iowahills.com/Fourier Method/WindowEquation.png]
[cb.wunderkis.de/wk-pub/www.iowahills.com/Fourier Method/Window.png]
[cb.wunderkis.de/wk-pub/www.iowahills.com/Fourier Method/SamplingCode.txt]
[cb.wunderkis.de/wk-pub/www.iowahills.com/Fourier Method/BinFrequencies.png]
[cb.wunderkis.de/wk-pub/www.iowahills.com/Fourier Method/SymmetricWindow.png]
[cb.wunderkis.de/wk-pub/www.iowahills.com/Fourier Method/AnalogWindow.png]
[cb.wunderkis.de/wk-pub/www.iowahills.com/Fourier Method/60TapInvChebyLPF.txt]
[cb.wunderkis.de/wk-pub/www.iowahills.com/Fourier Method/InvChebyExample.png]
[cb.wunderkis.de/wk-pub/www.iowahills.com/FIRFiltersByFreqSampling.html]
[cb.wunderkis.de/wk-pub/www.iowahills.com/IIR Polys/Chebyshev Low Pass.png]
[cb.wunderkis.de/wk-pub/www.iowahills.com/IIR Polys/Butterworth Chebyshev Comparison.png]
[cb.wunderkis.de/wk-pub/www.iowahills.com/IIRChebyshevFilters.html]
[cb.wunderkis.de/wk-pub/www.iowahills.com/IIR Polys/Inverse Chebyshev Examples.png]
[cb.wunderkis.de/wk-pub/www.iowahills.com/IIR Polys/Inverse Chebyshev GD and Step Response.png]
[cb.wunderkis.de/wk-pub/www.iowahills.com/IIR Polys/Inverse Chebyshev Butterworth Comparison.png]
[cb.wunderkis.de/wk-pub/www.iowahills.com/IIRInverseChebyshevFilters.html]
[cb.wunderkis.de/wk-pub/www.iowahills.com/IIR Polys/Elliptic Low Pass.png]
[cb.wunderkis.de/wk-pub/www.iowahills.com/IIR Polys/Elliptic Butterworth Comparison.png]
[cb.wunderkis.de/wk-pub/www.iowahills.com/IIREllipticFilters.html]
[cb.wunderkis.de/wk-pub/www.iowahills.com/FIR Analogs/4 Polynomial FIR Filter Plots.png]
[cb.wunderkis.de/wk-pub/www.iowahills.com/FIR Analogs/200 Tap 20 Pole Butterworth LPF.txt]
[cb.wunderkis.de/wk-pub/www.iowahills.com/FIR Analogs/256 Tap 12 Pole Chebyshev LPF.txt]
[cb.wunderkis.de/wk-pub/www.iowahills.com/FIR Analogs/200 Tap 15 pole Inv Cheby LPF.txt]
[cb.wunderkis.de/wk-pub/www.iowahills.com/FIR Analogs/256 Tap 8 Pole Elliptic LPF.txt]
[cb.wunderkis.de/wk-pub/www.iowahills.com/FIR Analogs/Chebyshev FIR.png]
[cb.wunderkis.de/wk-pub/www.iowahills.com/FIR Analogs/Butterworth FIR Plots.png]
[cb.wunderkis.de/wk-pub/www.iowahills.com/FIR IIR Comparison/FIR IIR Freq Response Comparison.png]
[cb.wunderkis.de/wk-pub/www.iowahills.com/FIR IIR Comparison/FIR IIR Impulse Comparison.png]
[cb.wunderkis.de/wk-pub/www.iowahills.com/FIR Analogs/Gauss 12 Pole FIR.png]
[cb.wunderkis.de/wk-pub/www.iowahills.com/FIR Analogs/50 Tap Inv Cheby and Kaiser LPF Freq Response.png]
[cb.wunderkis.de/wk-pub/www.iowahills.com/B2PolynomialFIRFilters.html]
[cb.wunderkis.de/wk-pub/www.iowahills.com/FIR IIR Comparison/FIR IIR Pulse Response Comparison.png]
[cb.wunderkis.de/wk-pub/www.iowahills.com/FIR IIR Comparison/IIR Diagram.png]
[cb.wunderkis.de/wk-pub/www.iowahills.com/FIR IIR Comparison/5 Pole Inv Cheb Pole Zeros.png]
[cb.wunderkis.de/wk-pub/www.iowahills.com/FIR IIR Comparison/Zero Plot for Linerar Phase.png]
[cb.wunderkis.de/wk-pub/www.iowahills.com/FIR IIR Comparison/12 Pole Adj Gauss.png]
[cb.wunderkis.de/wk-pub/www.iowahills.com/FIR IIR Comparison/12 Pole Adj Gauss 16 Bit Response.png]
[cb.wunderkis.de/wk-pub/www.iowahills.com/A8FirIirDifferences.html]
[cb.wunderkis.de/wk-pub/www.iowahills.com/Adj Gauss/Equation1.png]
[cb.wunderkis.de/wk-pub/www.iowahills.com/Adj Gauss/Equation2.png]
[cb.wunderkis.de/wk-pub/www.iowahills.com/7AAdjGaussAlgorithm.html]
[cb.wunderkis.de/wk-pub/www.iowahills.com/Adj Gauss/10 Pole Adjustable Gauss Gain and GD Plots.png]
[cb.wunderkis.de/wk-pub/www.iowahills.com/Adj Gauss/10 Pole Adjustable Gauss Step Response Plots.png]
[cb.wunderkis.de/wk-pub/www.iowahills.com/Adj Gauss/Adj Gauss and Gauss.png]
[cb.wunderkis.de/wk-pub/www.iowahills.com/Adj Gauss/Adj Gauss and Bessel.png]
[cb.wunderkis.de/wk-pub/www.iowahills.com/Adj Gauss/Adj Gauss and Butterworth.png]
[cb.wunderkis.de/wk-pub/www.iowahills.com/Adj Gauss/Adjustable Gauss Pole Trajectories.png]
[cb.wunderkis.de/wk-pub/www.iowahills.com/7AdjustablePolyPage.html]
[cb.wunderkis.de/wk-pub/www.iowahills.com/OpAmp Filters/VCVS_LPF Help.png]
[cb.wunderkis.de/wk-pub/www.iowahills.com/OpAmp Filters/MFB_LPF Help.png]
[cb.wunderkis.de/wk-pub/www.iowahills.com/OpAmp Filters/VCVS_HPF Help.png]
[cb.wunderkis.de/wk-pub/www.iowahills.com/OpAmp Filters/MFB_HPF Help.png]
[cb.wunderkis.de/wk-pub/www.iowahills.com/OpAmp Filters/BPF Help.png]
[cb.wunderkis.de/wk-pub/www.iowahills.com/OpAmp Filters/Notch Help.png]
[cb.wunderkis.de/wk-pub/www.iowahills.com/A6OpAmpFilterHelpFile.html]
[cb.wunderkis.de/wk-pub/www.iowahills.com/FFTCode.html]
[cb.wunderkis.de/wk-pub/www.iowahills.com/Example Code/ParksMcClellan2.txt]
[cb.wunderkis.de/wk-pub/www.iowahills.com/Example Code/NewParksMcClellan.txt]
[cb.wunderkis.de/wk-pub/www.iowahills.com/Example Code/Parks Kaiser 32 Taps.png]
[cb.wunderkis.de/wk-pub/www.iowahills.com/Example Code/WindowedFIRFilterWebCode.txt]
[cb.wunderkis.de/wk-pub/www.iowahills.com/Example Code/IIR 2nd Order Diagram.png]
[cb.wunderkis.de/wk-pub/www.iowahills.com/Example Code/IIRSecondOrderImplementation.txt]
[cb.wunderkis.de/wk-pub/www.iowahills.com/Example Code/IIR Nth Order Diagram.png]
[cb.wunderkis.de/wk-pub/www.iowahills.com/Example Code/IIRNthOrderImplementation.txt]
[cb.wunderkis.de/wk-pub/www.iowahills.com/Example Code/FIRFloatingPtImplementation.txt]
[cb.wunderkis.de/wk-pub/www.iowahills.com/Example Code/FIRFrequencyAnalysis.txt]
[cb.wunderkis.de/wk-pub/www.iowahills.com/Example Code/IIRFrequencyAnalysis.txt]
[cb.wunderkis.de/wk-pub/www.iowahills.com/A7ExampleCodePage.html]
[cb.wunderkis.de/wk-pub/www.iowahills.com/Smith Chart/SCIcon.png]
[cb.wunderkis.de/wk-pub/www.iowahills.com/Smith Chart/MatchingCircuitEquations.html]
[cb.wunderkis.de/wk-pub/www.iowahills.com/Smith Chart/Matching Elements.png]
[cb.wunderkis.de/wk-pub/www.iowahills.com/Smith Chart/Simple Match.png]
[cb.wunderkis.de/wk-pub/www.iowahills.com/Smith Chart/Q Circle Example 1.png]
[cb.wunderkis.de/wk-pub/www.iowahills.com/Smith Chart/Q Circle Example 2.png]
[cb.wunderkis.de/wk-pub/www.iowahills.com/Smith Chart/MathCad Screen Shot 1.png]
[cb.wunderkis.de/wk-pub/www.iowahills.com/Smith Chart/MathCad Screen Shot 2.png]
[cb.wunderkis.de/wk-pub/www.iowahills.com/Smith Chart/BilateralMatch.zip]
[cb.wunderkis.de/wk-pub/www.iowahills.com/Smith Chart/Tools Screen Shot.png]
[cb.wunderkis.de/wk-pub/www.iowahills.com/9SmithChartPage.html]
[cb.wunderkis.de/wk-pub/www.iowahills.com/P51/P51Mustang.jpg]
[cb.wunderkis.de/wk-pub/www.iowahills.com/P51/ErrorSumEquation.png]
[cb.wunderkis.de/wk-pub/www.iowahills.com/P51/RootTableScreenShot.png]
[cb.wunderkis.de/wk-pub/www.iowahills.com/P51RootFinder.html]
[cb.wunderkis.de/wk-pub/www.iowahills.com/DILT/Fig 1.png]
[cb.wunderkis.de/wk-pub/www.iowahills.com/DILT/Fig 2.png]
[cb.wunderkis.de/wk-pub/www.iowahills.com/DILT/Fig 4.png]
[cb.wunderkis.de/wk-pub/www.iowahills.com/DILT/Fig 5.png]
[cb.wunderkis.de/wk-pub/www.iowahills.com/DILT/Fig 3.png]
[cb.wunderkis.de/wk-pub/www.iowahills.com/DILT/DILT Example.zip]
[cb.wunderkis.de/wk-pub/www.iowahills.com/A9DiscreteInverseLaPlace.html]
[cb.wunderkis.de/wk-pub/www.iowahills.com/Group Delay/Delay Group Delay.png]
[cb.wunderkis.de/wk-pub/www.iowahills.com/Group Delay/Delay Group Delay Gauss.png]
[cb.wunderkis.de/wk-pub/www.iowahills.com/Group Delay/Group Delay Plot 1.png]
[cb.wunderkis.de/wk-pub/www.iowahills.com/Group Delay/Same Delay Comparison.png]
[cb.wunderkis.de/wk-pub/www.iowahills.com/Group Delay/Same Magnitude Comparison 2.png]
[cb.wunderkis.de/wk-pub/www.iowahills.com/Group Delay/IIR All Pass Example.png]
[cb.wunderkis.de/wk-pub/www.iowahills.com/Group Delay/Phase and GD 2.png]
[cb.wunderkis.de/wk-pub/www.iowahills.com/B1GroupDelay.html]
[cb.wunderkis.de/wk-pub/www.iowahills.com/feedbackcomments.html]
[cb.wunderkis.de/wk-pub/www.iowahills.com/index-2.html]
[cb.wunderkis.de/wk-pub/www.iowahills.com/RF Filters/Band Pass Filter Topologies.png]
[cb.wunderkis.de/wk-pub/www.iowahills.com/RF Filters/63RFFilterToplogies.html]
[cb.wunderkis.de/wk-pub/www.iowahills.com/Hilbert Phase/ButterworthLowPass Response.png]
[cb.wunderkis.de/wk-pub/www.iowahills.com/Hilbert Phase/ButterworthLowPass Phase.png]
[cb.wunderkis.de/wk-pub/www.iowahills.com/Hilbert Phase/LaplaceTimeDelay.png]
[cb.wunderkis.de/wk-pub/www.iowahills.com/Hilbert Phase/Figure 1.png]
[cb.wunderkis.de/wk-pub/www.iowahills.com/Hilbert Phase/Fig 2.png]
[cb.wunderkis.de/wk-pub/www.iowahills.com/Hilbert Phase/Fig 4.png]
[cb.wunderkis.de/wk-pub/www.iowahills.com/Hilbert Phase/ButterworthBandPass HilbertPhase.png]
[cb.wunderkis.de/wk-pub/www.iowahills.com/A5HilbertPhaseDescription.html]
[cb.wunderkis.de/wk-pub/www.iowahills.com/Adj Gauss/Equation3.png]
[cb.wunderkis.de/wk-pub/www.iowahills.com/Adj Gauss/PoleTrajectoriesFor AlgorithmPage.png]
[cb.wunderkis.de/wk-pub/www.iowahills.com/7AAdjGaussAlgorithm.html]
[cb.wunderkis.de/wk-pub/www.iowahills.com/Example Code/WebFFTCode.txt]
[cb.wunderkis.de/wk-pub/www.iowahills.com/Example Code/FFTButterfly.html]
[cb.wunderkis.de/wk-pub/www.iowahills.com/Example Code/SignalWithNoWindow.png]
[cb.wunderkis.de/wk-pub/www.iowahills.com/Example Code/HanningAndFlattopPlots.png]
[cb.wunderkis.de/wk-pub/www.iowahills.com/Example Code/SignalWithWindows.png]
[cb.wunderkis.de/wk-pub/www.iowahills.com/Example Code/TwoTones.png]
[cb.wunderkis.de/wk-pub/www.iowahills.com/Example Code/TwoToneSpectrum.png]
[cb.wunderkis.de/wk-pub/www.iowahills.com/Example Code/TwoToneSpectrumWithWindow.png]
[cb.wunderkis.de/wk-pub/www.iowahills.com/FFTCode.html]
[cb.wunderkis.de/wk-pub/www.iowahills.com/Smith Chart/Fig 1.png]
[cb.wunderkis.de/wk-pub/www.iowahills.com/Smith Chart/Fig 2.png]
[cb.wunderkis.de/wk-pub/www.iowahills.com/Smith Chart/Fig 3.png]
[cb.wunderkis.de/wk-pub/www.iowahills.com/Smith Chart/Fig 4.png]
[cb.wunderkis.de/wk-pub/www.iowahills.com/Smith Chart/Fig 5.png]
[cb.wunderkis.de/wk-pub/www.iowahills.com/Smith Chart/Fig 6.png]
[cb.wunderkis.de/wk-pub/www.iowahills.com/Smith Chart/Fig 7.png]
[cb.wunderkis.de/wk-pub/www.iowahills.com/Smith Chart/Fig 8.png]
[cb.wunderkis.de/wk-pub/www.iowahills.com/Smith Chart/MatchingCircuitEquations.html]
[cb.wunderkis.de/wk-pub/www.iowahills.com/index-2.html]
[cb.wunderkis.de/wk-pub/www.iowahills.com/Example Code/ButterflyExample.png]
[cb.wunderkis.de/wk-pub/www.iowahills.com/Example Code/FFT Butterfly Diagram.png]
[cb.wunderkis.de/wk-pub/www.iowahills.com/Example Code/FFTButterfly.html]
